<?xml version="1.0" encoding="ISO-8859-1" ?>
<link_info>
   <banner>MSP430 Linker PC v18.1.1.LTS</banner>
   <copyright>Copyright (c) 2003-2017 Texas Instruments Incorporated</copyright>
   <link_time>0x5b5643a9</link_time>
   <link_errors>0x0</link_errors>
   <output_file>Usage_of_math_header.out</output_file>
   <entry_point>
      <name>_c_int00_noargs</name>
      <address>0xf6b8</address>
   </entry_point>
   <input_file_list>
      <input_file id="fl-2">
         <path>.\</path>
         <kind>object</kind>
         <file>main.obj</file>
         <name>main.obj</name>
      </input_file>
      <input_file id="fl-7">
         <kind>object</kind>
         <file>&lt;internal&gt;</file>
         <name>&lt;internal&gt;</name>
      </input_file>
      <input_file id="fl-1d">
         <path>C:\ti\ccsv8\tools\compiler\ti-cgt-msp430_18.1.1.LTS\lib\</path>
         <kind>archive</kind>
         <file>rts430_eabi.lib</file>
         <name>s_sin.c.obj</name>
      </input_file>
      <input_file id="fl-1e">
         <path>C:\ti\ccsv8\tools\compiler\ti-cgt-msp430_18.1.1.LTS\lib\</path>
         <kind>archive</kind>
         <file>rts430_eabi.lib</file>
         <name>asr16.asm.obj</name>
      </input_file>
      <input_file id="fl-1f">
         <path>C:\ti\ccsv8\tools\compiler\ti-cgt-msp430_18.1.1.LTS\lib\</path>
         <kind>archive</kind>
         <file>rts430_eabi.lib</file>
         <name>epilog.asm.obj</name>
      </input_file>
      <input_file id="fl-20">
         <path>C:\ti\ccsv8\tools\compiler\ti-cgt-msp430_18.1.1.LTS\lib\</path>
         <kind>archive</kind>
         <file>rts430_eabi.lib</file>
         <name>int00.asm.obj</name>
      </input_file>
      <input_file id="fl-21">
         <path>C:\ti\ccsv8\tools\compiler\ti-cgt-msp430_18.1.1.LTS\lib\</path>
         <kind>archive</kind>
         <file>rts430_eabi.lib</file>
         <name>int02.asm.obj</name>
      </input_file>
      <input_file id="fl-22">
         <path>C:\ti\ccsv8\tools\compiler\ti-cgt-msp430_18.1.1.LTS\lib\</path>
         <kind>archive</kind>
         <file>rts430_eabi.lib</file>
         <name>int03.asm.obj</name>
      </input_file>
      <input_file id="fl-23">
         <path>C:\ti\ccsv8\tools\compiler\ti-cgt-msp430_18.1.1.LTS\lib\</path>
         <kind>archive</kind>
         <file>rts430_eabi.lib</file>
         <name>int05.asm.obj</name>
      </input_file>
      <input_file id="fl-24">
         <path>C:\ti\ccsv8\tools\compiler\ti-cgt-msp430_18.1.1.LTS\lib\</path>
         <kind>archive</kind>
         <file>rts430_eabi.lib</file>
         <name>int06.asm.obj</name>
      </input_file>
      <input_file id="fl-25">
         <path>C:\ti\ccsv8\tools\compiler\ti-cgt-msp430_18.1.1.LTS\lib\</path>
         <kind>archive</kind>
         <file>rts430_eabi.lib</file>
         <name>int07.asm.obj</name>
      </input_file>
      <input_file id="fl-26">
         <path>C:\ti\ccsv8\tools\compiler\ti-cgt-msp430_18.1.1.LTS\lib\</path>
         <kind>archive</kind>
         <file>rts430_eabi.lib</file>
         <name>int08.asm.obj</name>
      </input_file>
      <input_file id="fl-27">
         <path>C:\ti\ccsv8\tools\compiler\ti-cgt-msp430_18.1.1.LTS\lib\</path>
         <kind>archive</kind>
         <file>rts430_eabi.lib</file>
         <name>int09.asm.obj</name>
      </input_file>
      <input_file id="fl-28">
         <path>C:\ti\ccsv8\tools\compiler\ti-cgt-msp430_18.1.1.LTS\lib\</path>
         <kind>archive</kind>
         <file>rts430_eabi.lib</file>
         <name>int10.asm.obj</name>
      </input_file>
      <input_file id="fl-29">
         <path>C:\ti\ccsv8\tools\compiler\ti-cgt-msp430_18.1.1.LTS\lib\</path>
         <kind>archive</kind>
         <file>rts430_eabi.lib</file>
         <name>int11.asm.obj</name>
      </input_file>
      <input_file id="fl-2a">
         <path>C:\ti\ccsv8\tools\compiler\ti-cgt-msp430_18.1.1.LTS\lib\</path>
         <kind>archive</kind>
         <file>rts430_eabi.lib</file>
         <name>int12.asm.obj</name>
      </input_file>
      <input_file id="fl-2b">
         <path>C:\ti\ccsv8\tools\compiler\ti-cgt-msp430_18.1.1.LTS\lib\</path>
         <kind>archive</kind>
         <file>rts430_eabi.lib</file>
         <name>int13.asm.obj</name>
      </input_file>
      <input_file id="fl-2c">
         <path>C:\ti\ccsv8\tools\compiler\ti-cgt-msp430_18.1.1.LTS\lib\</path>
         <kind>archive</kind>
         <file>rts430_eabi.lib</file>
         <name>int14.asm.obj</name>
      </input_file>
      <input_file id="fl-2d">
         <path>C:\ti\ccsv8\tools\compiler\ti-cgt-msp430_18.1.1.LTS\lib\</path>
         <kind>archive</kind>
         <file>rts430_eabi.lib</file>
         <name>isr_trap.asm.obj</name>
      </input_file>
      <input_file id="fl-2e">
         <path>C:\ti\ccsv8\tools\compiler\ti-cgt-msp430_18.1.1.LTS\lib\</path>
         <kind>archive</kind>
         <file>rts430_eabi.lib</file>
         <name>lsl16.asm.obj</name>
      </input_file>
      <input_file id="fl-2f">
         <path>C:\ti\ccsv8\tools\compiler\ti-cgt-msp430_18.1.1.LTS\lib\</path>
         <kind>archive</kind>
         <file>rts430_eabi.lib</file>
         <name>lsr16.asm.obj</name>
      </input_file>
      <input_file id="fl-30">
         <path>C:\ti\ccsv8\tools\compiler\ti-cgt-msp430_18.1.1.LTS\lib\</path>
         <kind>archive</kind>
         <file>rts430_eabi.lib</file>
         <name>boot.c.obj</name>
      </input_file>
      <input_file id="fl-31">
         <path>C:\ti\ccsv8\tools\compiler\ti-cgt-msp430_18.1.1.LTS\lib\</path>
         <kind>archive</kind>
         <file>rts430_eabi.lib</file>
         <name>autoinit.c.obj</name>
      </input_file>
      <input_file id="fl-32">
         <path>C:\ti\ccsv8\tools\compiler\ti-cgt-msp430_18.1.1.LTS\lib\</path>
         <kind>archive</kind>
         <file>rts430_eabi.lib</file>
         <name>copy_zero_init.c.obj</name>
      </input_file>
      <input_file id="fl-33">
         <path>C:\ti\ccsv8\tools\compiler\ti-cgt-msp430_18.1.1.LTS\lib\</path>
         <kind>archive</kind>
         <file>rts430_eabi.lib</file>
         <name>cpy_tbl.c.obj</name>
      </input_file>
      <input_file id="fl-34">
         <path>C:\ti\ccsv8\tools\compiler\ti-cgt-msp430_18.1.1.LTS\lib\</path>
         <kind>archive</kind>
         <file>rts430_eabi.lib</file>
         <name>mpu_init.c.obj</name>
      </input_file>
      <input_file id="fl-35">
         <path>C:\ti\ccsv8\tools\compiler\ti-cgt-msp430_18.1.1.LTS\lib\</path>
         <kind>archive</kind>
         <file>rts430_eabi.lib</file>
         <name>lsr64.c.obj</name>
      </input_file>
      <input_file id="fl-36">
         <path>C:\ti\ccsv8\tools\compiler\ti-cgt-msp430_18.1.1.LTS\lib\</path>
         <kind>archive</kind>
         <file>rts430_eabi.lib</file>
         <name>pre_init.c.obj</name>
      </input_file>
      <input_file id="fl-37">
         <path>C:\ti\ccsv8\tools\compiler\ti-cgt-msp430_18.1.1.LTS\lib\</path>
         <kind>archive</kind>
         <file>rts430_eabi.lib</file>
         <name>startup.c.obj</name>
      </input_file>
      <input_file id="fl-38">
         <path>C:\ti\ccsv8\tools\compiler\ti-cgt-msp430_18.1.1.LTS\lib\</path>
         <kind>archive</kind>
         <file>rts430_eabi.lib</file>
         <name>copy_decompress_none.c.obj</name>
      </input_file>
      <input_file id="fl-39">
         <path>C:\ti\ccsv8\tools\compiler\ti-cgt-msp430_18.1.1.LTS\lib\</path>
         <kind>archive</kind>
         <file>rts430_eabi.lib</file>
         <name>copy_decompress_lzss.c.obj</name>
      </input_file>
      <input_file id="fl-3a">
         <path>C:\ti\ccsv8\tools\compiler\ti-cgt-msp430_18.1.1.LTS\lib\</path>
         <kind>archive</kind>
         <file>rts430_eabi.lib</file>
         <name>addd.c.obj</name>
      </input_file>
      <input_file id="fl-3b">
         <path>C:\ti\ccsv8\tools\compiler\ti-cgt-msp430_18.1.1.LTS\lib\</path>
         <kind>archive</kind>
         <file>rts430_eabi.lib</file>
         <name>cmpd.c.obj</name>
      </input_file>
      <input_file id="fl-3c">
         <path>C:\ti\ccsv8\tools\compiler\ti-cgt-msp430_18.1.1.LTS\lib\</path>
         <kind>archive</kind>
         <file>rts430_eabi.lib</file>
         <name>divd.c.obj</name>
      </input_file>
      <input_file id="fl-3d">
         <path>C:\ti\ccsv8\tools\compiler\ti-cgt-msp430_18.1.1.LTS\lib\</path>
         <kind>archive</kind>
         <file>rts430_eabi.lib</file>
         <name>fixdi.c.obj</name>
      </input_file>
      <input_file id="fl-3e">
         <path>C:\ti\ccsv8\tools\compiler\ti-cgt-msp430_18.1.1.LTS\lib\</path>
         <kind>archive</kind>
         <file>rts430_eabi.lib</file>
         <name>fixdli.c.obj</name>
      </input_file>
      <input_file id="fl-3f">
         <path>C:\ti\ccsv8\tools\compiler\ti-cgt-msp430_18.1.1.LTS\lib\</path>
         <kind>archive</kind>
         <file>rts430_eabi.lib</file>
         <name>fltid.c.obj</name>
      </input_file>
      <input_file id="fl-40">
         <path>C:\ti\ccsv8\tools\compiler\ti-cgt-msp430_18.1.1.LTS\lib\</path>
         <kind>archive</kind>
         <file>rts430_eabi.lib</file>
         <name>fltlid.c.obj</name>
      </input_file>
      <input_file id="fl-41">
         <path>C:\ti\ccsv8\tools\compiler\ti-cgt-msp430_18.1.1.LTS\lib\</path>
         <kind>archive</kind>
         <file>rts430_eabi.lib</file>
         <name>frcaddd.c.obj</name>
      </input_file>
      <input_file id="fl-42">
         <path>C:\ti\ccsv8\tools\compiler\ti-cgt-msp430_18.1.1.LTS\lib\</path>
         <kind>archive</kind>
         <file>rts430_eabi.lib</file>
         <name>frcdivd.c.obj</name>
      </input_file>
      <input_file id="fl-43">
         <path>C:\ti\ccsv8\tools\compiler\ti-cgt-msp430_18.1.1.LTS\lib\</path>
         <kind>archive</kind>
         <file>rts430_eabi.lib</file>
         <name>mpyd.c.obj</name>
      </input_file>
      <input_file id="fl-44">
         <path>C:\ti\ccsv8\tools\compiler\ti-cgt-msp430_18.1.1.LTS\lib\</path>
         <kind>archive</kind>
         <file>rts430_eabi.lib</file>
         <name>negd.c.obj</name>
      </input_file>
      <input_file id="fl-45">
         <path>C:\ti\ccsv8\tools\compiler\ti-cgt-msp430_18.1.1.LTS\lib\</path>
         <kind>archive</kind>
         <file>rts430_eabi.lib</file>
         <name>renormd.c.obj</name>
      </input_file>
      <input_file id="fl-46">
         <path>C:\ti\ccsv8\tools\compiler\ti-cgt-msp430_18.1.1.LTS\lib\</path>
         <kind>archive</kind>
         <file>rts430_eabi.lib</file>
         <name>subd.c.obj</name>
      </input_file>
      <input_file id="fl-47">
         <path>C:\ti\ccsv8\tools\compiler\ti-cgt-msp430_18.1.1.LTS\lib\</path>
         <kind>archive</kind>
         <file>rts430_eabi.lib</file>
         <name>cvtdf.c.obj</name>
      </input_file>
      <input_file id="fl-48">
         <path>C:\ti\ccsv8\tools\compiler\ti-cgt-msp430_18.1.1.LTS\lib\</path>
         <kind>archive</kind>
         <file>rts430_eabi.lib</file>
         <name>exit.c.obj</name>
      </input_file>
      <input_file id="fl-49">
         <path>C:\ti\ccsv8\tools\compiler\ti-cgt-msp430_18.1.1.LTS\lib\</path>
         <kind>archive</kind>
         <file>rts430_eabi.lib</file>
         <name>_lock.c.obj</name>
      </input_file>
      <input_file id="fl-4a">
         <path>C:\ti\ccsv8\tools\compiler\ti-cgt-msp430_18.1.1.LTS\lib\</path>
         <kind>archive</kind>
         <file>rts430_eabi.lib</file>
         <name>args_main.c.obj</name>
      </input_file>
      <input_file id="fl-4b">
         <path>C:\ti\ccsv8\tools\compiler\ti-cgt-msp430_18.1.1.LTS\lib\</path>
         <kind>archive</kind>
         <file>rts430_eabi.lib</file>
         <name>memcpy.c.obj</name>
      </input_file>
      <input_file id="fl-4c">
         <path>C:\ti\ccsv8\tools\compiler\ti-cgt-msp430_18.1.1.LTS\lib\</path>
         <kind>archive</kind>
         <file>rts430_eabi.lib</file>
         <name>k_rem_pio2.c.obj</name>
      </input_file>
      <input_file id="fl-4d">
         <path>C:\ti\ccsv8\tools\compiler\ti-cgt-msp430_18.1.1.LTS\lib\</path>
         <kind>archive</kind>
         <file>rts430_eabi.lib</file>
         <name>k_cos.c.obj</name>
      </input_file>
      <input_file id="fl-4e">
         <path>C:\ti\ccsv8\tools\compiler\ti-cgt-msp430_18.1.1.LTS\lib\</path>
         <kind>archive</kind>
         <file>rts430_eabi.lib</file>
         <name>k_sin.c.obj</name>
      </input_file>
      <input_file id="fl-4f">
         <path>C:\ti\ccsv8\tools\compiler\ti-cgt-msp430_18.1.1.LTS\lib\</path>
         <kind>archive</kind>
         <file>rts430_eabi.lib</file>
         <name>s_floor.c.obj</name>
      </input_file>
      <input_file id="fl-50">
         <path>C:\ti\ccsv8\tools\compiler\ti-cgt-msp430_18.1.1.LTS\lib\</path>
         <kind>archive</kind>
         <file>rts430_eabi.lib</file>
         <name>s_scalbn.c.obj</name>
      </input_file>
      <input_file id="fl-51">
         <path>C:\ti\ccsv8\tools\compiler\ti-cgt-msp430_18.1.1.LTS\lib\</path>
         <kind>archive</kind>
         <file>rts430_eabi.lib</file>
         <name>s_copysign.c.obj</name>
      </input_file>
      <input_file id="fl-52">
         <path>C:\ti\ccsv8\tools\compiler\ti-cgt-msp430_18.1.1.LTS\lib\</path>
         <kind>archive</kind>
         <file>rts430_eabi.lib</file>
         <name>asr32.asm.obj</name>
      </input_file>
      <input_file id="fl-53">
         <path>C:\ti\ccsv8\tools\compiler\ti-cgt-msp430_18.1.1.LTS\lib\</path>
         <kind>archive</kind>
         <file>rts430_eabi.lib</file>
         <name>div16s.asm.obj</name>
      </input_file>
      <input_file id="fl-54">
         <path>C:\ti\ccsv8\tools\compiler\ti-cgt-msp430_18.1.1.LTS\lib\</path>
         <kind>archive</kind>
         <file>rts430_eabi.lib</file>
         <name>div16u.asm.obj</name>
      </input_file>
      <input_file id="fl-55">
         <path>C:\ti\ccsv8\tools\compiler\ti-cgt-msp430_18.1.1.LTS\lib\</path>
         <kind>archive</kind>
         <file>rts430_eabi.lib</file>
         <name>lsl32.asm.obj</name>
      </input_file>
      <input_file id="fl-56">
         <path>C:\ti\ccsv8\tools\compiler\ti-cgt-msp430_18.1.1.LTS\lib\</path>
         <kind>archive</kind>
         <file>rts430_eabi.lib</file>
         <name>lsr32.asm.obj</name>
      </input_file>
      <input_file id="fl-57">
         <path>C:\ti\ccsv8\tools\compiler\ti-cgt-msp430_18.1.1.LTS\lib\</path>
         <kind>archive</kind>
         <file>rts430_eabi.lib</file>
         <name>mult16.asm.obj</name>
      </input_file>
      <input_file id="fl-58">
         <path>C:\ti\ccsv8\tools\compiler\ti-cgt-msp430_18.1.1.LTS\lib\</path>
         <kind>archive</kind>
         <file>rts430_eabi.lib</file>
         <name>mult32.asm.obj</name>
      </input_file>
      <input_file id="fl-59">
         <path>C:\ti\ccsv8\tools\compiler\ti-cgt-msp430_18.1.1.LTS\lib\</path>
         <kind>archive</kind>
         <file>rts430_eabi.lib</file>
         <name>exit_gvars.c.obj</name>
      </input_file>
      <input_file id="fl-5a">
         <path>C:\ti\ccsv8\tools\compiler\ti-cgt-msp430_18.1.1.LTS\lib\</path>
         <kind>archive</kind>
         <file>rts430_eabi.lib</file>
         <name>frcmpyd.c.obj</name>
      </input_file>
      <input_file id="fl-5b">
         <path>C:\ti\ccsv8\tools\compiler\ti-cgt-msp430_18.1.1.LTS\lib\</path>
         <kind>archive</kind>
         <file>rts430_eabi.lib</file>
         <name>errno.c.obj</name>
      </input_file>
   </input_file_list>
   <object_component_list>
      <object_component id="oc-18b">
         <name>.common:sine_arr</name>
         <uninitialized>true</uninitialized>
         <run_address>0x200</run_address>
         <size>0x50</size>
      </object_component>
      <object_component id="oc-31b">
         <name>.data</name>
         <load_address>0x250</load_address>
         <run_address>0x250</run_address>
         <size>0x2</size>
         <input_file_ref idref="fl-5b"/>
      </object_component>
      <object_component id="oc-b1">
         <name>.stack</name>
         <uninitialized>true</uninitialized>
         <run_address>0x3b0</run_address>
         <size>0x2</size>
         <input_file_ref idref="fl-30"/>
      </object_component>
      <object_component id="oc-39c">
         <name>.stack</name>
         <uninitialized>true</uninitialized>
         <run_address>0x3b0</run_address>
         <size>0x0</size>
      </object_component>
      <object_component id="oc-20d">
         <name>.text:__kernel_rem_pio2</name>
         <load_address>0xc000</load_address>
         <run_address>0xc000</run_address>
         <size>0xd8e</size>
         <input_file_ref idref="fl-4c"/>
      </object_component>
      <object_component id="oc-17f">
         <name>.text:sin</name>
         <load_address>0xcd8e</load_address>
         <run_address>0xcd8e</run_address>
         <size>0x8e4</size>
         <input_file_ref idref="fl-1d"/>
      </object_component>
      <object_component id="oc-1e7">
         <name>.text:__TI_frcdivd</name>
         <load_address>0xd672</load_address>
         <run_address>0xd672</run_address>
         <size>0x478</size>
         <input_file_ref idref="fl-42"/>
      </object_component>
      <object_component id="oc-219">
         <name>.text:__mspabi_addd</name>
         <load_address>0xdaea</load_address>
         <run_address>0xdaea</run_address>
         <size>0x2fa</size>
         <input_file_ref idref="fl-3a"/>
      </object_component>
      <object_component id="oc-1f5">
         <name>.text:__kernel_sin</name>
         <load_address>0xdde4</load_address>
         <run_address>0xdde4</run_address>
         <size>0x2b4</size>
         <input_file_ref idref="fl-4e"/>
      </object_component>
      <object_component id="oc-1da">
         <name>.text:__TI_frcmpyd</name>
         <load_address>0xe098</load_address>
         <run_address>0xe098</run_address>
         <size>0x286</size>
         <input_file_ref idref="fl-5a"/>
      </object_component>
      <object_component id="oc-21f">
         <name>.text:__kernel_cos</name>
         <load_address>0xe31e</load_address>
         <run_address>0xe31e</run_address>
         <size>0x270</size>
         <input_file_ref idref="fl-4d"/>
      </object_component>
      <object_component id="oc-173">
         <name>.text:__mspabi_mpyd</name>
         <load_address>0xe58e</load_address>
         <run_address>0xe58e</run_address>
         <size>0x26e</size>
         <input_file_ref idref="fl-43"/>
      </object_component>
      <object_component id="oc-2c3">
         <name>.text:__TI_frcaddd</name>
         <load_address>0xe7fc</load_address>
         <run_address>0xe7fc</run_address>
         <size>0x260</size>
         <input_file_ref idref="fl-41"/>
      </object_component>
      <object_component id="oc-179">
         <name>.text:__mspabi_divd</name>
         <load_address>0xea5c</load_address>
         <run_address>0xea5c</run_address>
         <size>0x238</size>
         <input_file_ref idref="fl-3c"/>
      </object_component>
      <object_component id="oc-2a8">
         <name>.text:floor</name>
         <load_address>0xec94</load_address>
         <run_address>0xec94</run_address>
         <size>0x1d0</size>
         <input_file_ref idref="fl-4f"/>
      </object_component>
      <object_component id="oc-2a2">
         <name>.text:scalbn</name>
         <load_address>0xee64</load_address>
         <run_address>0xee64</run_address>
         <size>0x16a</size>
         <input_file_ref idref="fl-50"/>
      </object_component>
      <object_component id="oc-207">
         <name>.text:__mspabi_cmpd</name>
         <load_address>0xefce</load_address>
         <run_address>0xefce</run_address>
         <size>0xdc</size>
         <input_file_ref idref="fl-3b"/>
      </object_component>
      <object_component id="oc-333">
         <name>.text:__TI_renormd</name>
         <load_address>0xf0aa</load_address>
         <run_address>0xf0aa</run_address>
         <size>0xbe</size>
         <input_file_ref idref="fl-45"/>
      </object_component>
      <object_component id="oc-1ce">
         <name>.text:__mspabi_fltlid</name>
         <load_address>0xf168</load_address>
         <run_address>0xf168</run_address>
         <size>0xac</size>
         <input_file_ref idref="fl-40"/>
      </object_component>
      <object_component id="oc-185">
         <name>.text:__mspabi_cvtdf</name>
         <load_address>0xf214</load_address>
         <run_address>0xf214</run_address>
         <size>0x8c</size>
         <input_file_ref idref="fl-47"/>
      </object_component>
      <object_component id="oc-34">
         <name>.text:decompress:lzss:__TI_decompress_lzss</name>
         <load_address>0xf2a0</load_address>
         <run_address>0xf2a0</run_address>
         <size>0x7c</size>
         <input_file_ref idref="fl-39"/>
      </object_component>
      <object_component id="oc-201">
         <name>.text:__mspabi_fixdli</name>
         <load_address>0xf31c</load_address>
         <run_address>0xf31c</run_address>
         <size>0x72</size>
         <input_file_ref idref="fl-3e"/>
      </object_component>
      <object_component id="oc-145">
         <name>.text:main</name>
         <load_address>0xf38e</load_address>
         <run_address>0xf38e</run_address>
         <size>0x6c</size>
         <input_file_ref idref="fl-2"/>
      </object_component>
      <object_component id="oc-26d">
         <name>.text:l_lsr_const</name>
         <load_address>0xf3fa</load_address>
         <run_address>0xf3fa</run_address>
         <size>0x5c</size>
         <input_file_ref idref="fl-56"/>
      </object_component>
      <object_component id="oc-ba">
         <name>.text</name>
         <load_address>0xf456</load_address>
         <run_address>0xf456</run_address>
         <size>0x4c</size>
         <input_file_ref idref="fl-2f"/>
      </object_component>
      <object_component id="oc-19b">
         <name>.text:__TI_auto_init_nobinit_nopinit:__TI_auto_init_nobinit_nopinit</name>
         <load_address>0xf4a2</load_address>
         <run_address>0xf4a2</run_address>
         <size>0x42</size>
         <input_file_ref idref="fl-31"/>
      </object_component>
      <object_component id="oc-275">
         <name>.text:l_asr_const</name>
         <load_address>0xf4e4</load_address>
         <run_address>0xf4e4</run_address>
         <size>0x3e</size>
         <input_file_ref idref="fl-52"/>
      </object_component>
      <object_component id="oc-22c">
         <name>.text:l_lsl_const</name>
         <load_address>0xf522</load_address>
         <run_address>0xf522</run_address>
         <size>0x3e</size>
         <input_file_ref idref="fl-55"/>
      </object_component>
      <object_component id="oc-1fb">
         <name>.text:__mspabi_subd</name>
         <load_address>0xf560</load_address>
         <run_address>0xf560</run_address>
         <size>0x2e</size>
         <input_file_ref idref="fl-46"/>
      </object_component>
      <object_component id="oc-31e">
         <name>.text:copysign</name>
         <load_address>0xf58e</load_address>
         <run_address>0xf58e</run_address>
         <size>0x2e</size>
         <input_file_ref idref="fl-51"/>
      </object_component>
      <object_component id="oc-1d5">
         <name>.text</name>
         <load_address>0xf5bc</load_address>
         <run_address>0xf5bc</run_address>
         <size>0x2c</size>
         <input_file_ref idref="fl-1e"/>
      </object_component>
      <object_component id="oc-29a">
         <name>.text</name>
         <load_address>0xf5e8</load_address>
         <run_address>0xf5e8</run_address>
         <size>0x2c</size>
         <input_file_ref idref="fl-53"/>
      </object_component>
      <object_component id="oc-b5">
         <name>.text</name>
         <load_address>0xf614</load_address>
         <run_address>0xf614</run_address>
         <size>0x2c</size>
         <input_file_ref idref="fl-2e"/>
      </object_component>
      <object_component id="oc-213">
         <name>.text:__mspabi_negd</name>
         <load_address>0xf640</load_address>
         <run_address>0xf640</run_address>
         <size>0x2a</size>
         <input_file_ref idref="fl-44"/>
      </object_component>
      <object_component id="oc-1ef">
         <name>.text:__mspabi_fixdi</name>
         <load_address>0xf66a</load_address>
         <run_address>0xf66a</run_address>
         <size>0x28</size>
         <input_file_ref idref="fl-3d"/>
      </object_component>
      <object_component id="oc-27a">
         <name>.text</name>
         <load_address>0xf692</load_address>
         <run_address>0xf692</run_address>
         <size>0x26</size>
         <input_file_ref idref="fl-58"/>
      </object_component>
      <object_component id="oc-f3">
         <name>.text:_c_int00_noargs</name>
         <load_address>0xf6b8</load_address>
         <run_address>0xf6b8</run_address>
         <size>0x1c</size>
         <input_file_ref idref="fl-30"/>
      </object_component>
      <object_component id="oc-313">
         <name>.text</name>
         <load_address>0xf6d4</load_address>
         <run_address>0xf6d4</run_address>
         <size>0x16</size>
         <input_file_ref idref="fl-54"/>
      </object_component>
      <object_component id="oc-e1">
         <name>.text:decompress:ZI:__TI_zero_init_nomemset:__TI_zero_init_nomemset</name>
         <load_address>0xf6ea</load_address>
         <run_address>0xf6ea</run_address>
         <size>0x14</size>
         <input_file_ref idref="fl-32"/>
      </object_component>
      <object_component id="oc-283">
         <name>.text</name>
         <load_address>0xf6fe</load_address>
         <run_address>0xf6fe</run_address>
         <size>0x14</size>
         <input_file_ref idref="fl-57"/>
      </object_component>
      <object_component id="oc-3a">
         <name>.text:decompress:none:__TI_decompress_none</name>
         <load_address>0xf712</load_address>
         <run_address>0xf712</run_address>
         <size>0x12</size>
         <input_file_ref idref="fl-38"/>
      </object_component>
      <object_component id="oc-290">
         <name>.text:l_lsr</name>
         <load_address>0xf724</load_address>
         <run_address>0xf724</run_address>
         <size>0x12</size>
         <input_file_ref idref="fl-56"/>
      </object_component>
      <object_component id="oc-cf">
         <name>.text:memcpy</name>
         <load_address>0xf736</load_address>
         <run_address>0xf736</run_address>
         <size>0x12</size>
         <input_file_ref idref="fl-4b"/>
      </object_component>
      <object_component id="oc-2ae">
         <name>.text:l_asr</name>
         <load_address>0xf748</load_address>
         <run_address>0xf748</run_address>
         <size>0x10</size>
         <input_file_ref idref="fl-52"/>
      </object_component>
      <object_component id="oc-2b3">
         <name>.text:l_lsl</name>
         <load_address>0xf758</load_address>
         <run_address>0xf758</run_address>
         <size>0x10</size>
         <input_file_ref idref="fl-55"/>
      </object_component>
      <object_component id="oc-bf">
         <name>.text</name>
         <load_address>0xf768</load_address>
         <run_address>0xf768</run_address>
         <size>0x10</size>
         <input_file_ref idref="fl-1f"/>
      </object_component>
      <object_component id="oc-16d">
         <name>.text:__mspabi_fltid</name>
         <load_address>0xf778</load_address>
         <run_address>0xf778</run_address>
         <size>0xc</size>
         <input_file_ref idref="fl-3f"/>
      </object_component>
      <object_component id="oc-dc">
         <name>.text:_isr:__TI_ISR_TRAP</name>
         <load_address>0xf784</load_address>
         <run_address>0xf784</run_address>
         <size>0x8</size>
         <input_file_ref idref="fl-2d"/>
      </object_component>
      <object_component id="oc-18f">
         <name>.text:abort</name>
         <load_address>0xf78c</load_address>
         <run_address>0xf78c</run_address>
         <size>0x6</size>
         <input_file_ref idref="fl-48"/>
      </object_component>
      <object_component id="oc-13f">
         <name>.text:_system_pre_init</name>
         <load_address>0xf792</load_address>
         <run_address>0xf792</run_address>
         <size>0x4</size>
         <input_file_ref idref="fl-36"/>
      </object_component>
      <object_component id="oc-24c">
         <name>.text:_system_post_cinit</name>
         <load_address>0xf796</load_address>
         <run_address>0xf796</run_address>
         <size>0x2</size>
         <input_file_ref idref="fl-37"/>
      </object_component>
      <object_component id="oc-39b">
         <name>.cinit..data.load</name>
         <load_address>0xf8e8</load_address>
         <run_address>0xf8e8</run_address>
         <size>0x6</size>
      </object_component>
      <object_component id="oc-398">
         <name>__TI_handler_table</name>
         <load_address>0xf8ee</load_address>
         <run_address>0xf8ee</run_address>
         <size>0x6</size>
      </object_component>
      <object_component id="oc-39a">
         <name>.cinit..bss.load</name>
         <load_address>0xf8f4</load_address>
         <run_address>0xf8f4</run_address>
         <size>0x4</size>
      </object_component>
      <object_component id="oc-399">
         <name>__TI_cinit_table</name>
         <load_address>0xf8f8</load_address>
         <run_address>0xf8f8</run_address>
         <size>0x8</size>
      </object_component>
      <object_component id="oc-29f">
         <name>.const:ipio2</name>
         <load_address>0xf798</load_address>
         <run_address>0xf798</run_address>
         <size>0x108</size>
         <input_file_ref idref="fl-4c"/>
      </object_component>
      <object_component id="oc-2b8">
         <name>.const:PIo2</name>
         <load_address>0xf8a0</load_address>
         <run_address>0xf8a0</run_address>
         <size>0x40</size>
         <input_file_ref idref="fl-4c"/>
      </object_component>
      <object_component id="oc-297">
         <name>.const:init_jk</name>
         <load_address>0xf8e0</load_address>
         <run_address>0xf8e0</run_address>
         <size>0x8</size>
         <input_file_ref idref="fl-4c"/>
      </object_component>
      <object_component id="oc-35a">
         <name>.binit</name>
         <load_address>0xc000</load_address>
         <run_address>0xc000</run_address>
         <size>0x0</size>
      </object_component>
      <object_component id="oc-40">
         <name>.int00</name>
         <load_address>0xffe0</load_address>
         <run_address>0xffe0</run_address>
         <size>0x2</size>
         <input_file_ref idref="fl-20"/>
      </object_component>
      <object_component id="oc-41">
         <name>.int02</name>
         <load_address>0xffe4</load_address>
         <run_address>0xffe4</run_address>
         <size>0x2</size>
         <input_file_ref idref="fl-21"/>
      </object_component>
      <object_component id="oc-42">
         <name>.int03</name>
         <load_address>0xffe6</load_address>
         <run_address>0xffe6</run_address>
         <size>0x2</size>
         <input_file_ref idref="fl-22"/>
      </object_component>
      <object_component id="oc-43">
         <name>.int05</name>
         <load_address>0xffea</load_address>
         <run_address>0xffea</run_address>
         <size>0x2</size>
         <input_file_ref idref="fl-23"/>
      </object_component>
      <object_component id="oc-44">
         <name>.int06</name>
         <load_address>0xffec</load_address>
         <run_address>0xffec</run_address>
         <size>0x2</size>
         <input_file_ref idref="fl-24"/>
      </object_component>
      <object_component id="oc-45">
         <name>.int07</name>
         <load_address>0xffee</load_address>
         <run_address>0xffee</run_address>
         <size>0x2</size>
         <input_file_ref idref="fl-25"/>
      </object_component>
      <object_component id="oc-46">
         <name>.int08</name>
         <load_address>0xfff0</load_address>
         <run_address>0xfff0</run_address>
         <size>0x2</size>
         <input_file_ref idref="fl-26"/>
      </object_component>
      <object_component id="oc-47">
         <name>.int09</name>
         <load_address>0xfff2</load_address>
         <run_address>0xfff2</run_address>
         <size>0x2</size>
         <input_file_ref idref="fl-27"/>
      </object_component>
      <object_component id="oc-48">
         <name>.int10</name>
         <load_address>0xfff4</load_address>
         <run_address>0xfff4</run_address>
         <size>0x2</size>
         <input_file_ref idref="fl-28"/>
      </object_component>
      <object_component id="oc-49">
         <name>.int11</name>
         <load_address>0xfff6</load_address>
         <run_address>0xfff6</run_address>
         <size>0x2</size>
         <input_file_ref idref="fl-29"/>
      </object_component>
      <object_component id="oc-4a">
         <name>.int12</name>
         <load_address>0xfff8</load_address>
         <run_address>0xfff8</run_address>
         <size>0x2</size>
         <input_file_ref idref="fl-2a"/>
      </object_component>
      <object_component id="oc-4b">
         <name>.int13</name>
         <load_address>0xfffa</load_address>
         <run_address>0xfffa</run_address>
         <size>0x2</size>
         <input_file_ref idref="fl-2b"/>
      </object_component>
      <object_component id="oc-4c">
         <name>.int14</name>
         <load_address>0xfffc</load_address>
         <run_address>0xfffc</run_address>
         <size>0x2</size>
         <input_file_ref idref="fl-2c"/>
      </object_component>
      <object_component id="oc-b4">
         <name>.reset</name>
         <load_address>0xfffe</load_address>
         <run_address>0xfffe</run_address>
         <size>0x2</size>
         <input_file_ref idref="fl-30"/>
      </object_component>
      <object_component id="oc-18c">
         <name>.debug_info</name>
         <load_address>0x0</load_address>
         <run_address>0x0</run_address>
         <size>0x1a1</size>
         <input_file_ref idref="fl-2"/>
      </object_component>
      <object_component id="oc-147">
         <name>.debug_info</name>
         <load_address>0x1a1</load_address>
         <run_address>0x1a1</run_address>
         <size>0x163</size>
         <input_file_ref idref="fl-2"/>
      </object_component>
      <object_component id="oc-235">
         <name>.debug_info</name>
         <load_address>0x304</load_address>
         <run_address>0x304</run_address>
         <size>0x26b</size>
         <input_file_ref idref="fl-2"/>
      </object_component>
      <object_component id="oc-ca">
         <name>.debug_info</name>
         <load_address>0x56f</load_address>
         <run_address>0x56f</run_address>
         <size>0x84</size>
         <input_file_ref idref="fl-2"/>
      </object_component>
      <object_component id="oc-2d7">
         <name>.debug_info</name>
         <load_address>0x5f3</load_address>
         <run_address>0x5f3</run_address>
         <size>0x275</size>
         <input_file_ref idref="fl-2"/>
      </object_component>
      <object_component id="oc-226">
         <name>.debug_info</name>
         <load_address>0x868</load_address>
         <run_address>0x868</run_address>
         <size>0x268</size>
         <input_file_ref idref="fl-1d"/>
      </object_component>
      <object_component id="oc-181">
         <name>.debug_info</name>
         <load_address>0xad0</load_address>
         <run_address>0xad0</run_address>
         <size>0xa96</size>
         <input_file_ref idref="fl-1d"/>
      </object_component>
      <object_component id="oc-2cf">
         <name>.debug_info</name>
         <load_address>0x1566</load_address>
         <run_address>0x1566</run_address>
         <size>0x46</size>
         <input_file_ref idref="fl-1d"/>
      </object_component>
      <object_component id="oc-227">
         <name>.debug_info</name>
         <load_address>0x15ac</load_address>
         <run_address>0x15ac</run_address>
         <size>0x39</size>
         <input_file_ref idref="fl-1d"/>
      </object_component>
      <object_component id="oc-1d8">
         <name>.debug_info</name>
         <load_address>0x15e5</load_address>
         <run_address>0x15e5</run_address>
         <size>0x118</size>
         <input_file_ref idref="fl-1e"/>
      </object_component>
      <object_component id="oc-c0">
         <name>.debug_info</name>
         <load_address>0x16fd</load_address>
         <run_address>0x16fd</run_address>
         <size>0x126</size>
         <input_file_ref idref="fl-1f"/>
      </object_component>
      <object_component id="oc-dd">
         <name>.debug_info</name>
         <load_address>0x1823</load_address>
         <run_address>0x1823</run_address>
         <size>0x107</size>
         <input_file_ref idref="fl-2d"/>
      </object_component>
      <object_component id="oc-b6">
         <name>.debug_info</name>
         <load_address>0x192a</load_address>
         <run_address>0x192a</run_address>
         <size>0x118</size>
         <input_file_ref idref="fl-2e"/>
      </object_component>
      <object_component id="oc-bc">
         <name>.debug_info</name>
         <load_address>0x1a42</load_address>
         <run_address>0x1a42</run_address>
         <size>0x118</size>
         <input_file_ref idref="fl-2f"/>
      </object_component>
      <object_component id="oc-b2">
         <name>.debug_info</name>
         <load_address>0x1b5a</load_address>
         <run_address>0x1b5a</run_address>
         <size>0xf5</size>
         <input_file_ref idref="fl-30"/>
      </object_component>
      <object_component id="oc-f4">
         <name>.debug_info</name>
         <load_address>0x1c4f</load_address>
         <run_address>0x1c4f</run_address>
         <size>0x16f</size>
         <input_file_ref idref="fl-30"/>
      </object_component>
      <object_component id="oc-253">
         <name>.debug_info</name>
         <load_address>0x1dbe</load_address>
         <run_address>0x1dbe</run_address>
         <size>0x472</size>
         <input_file_ref idref="fl-31"/>
      </object_component>
      <object_component id="oc-19c">
         <name>.debug_info</name>
         <load_address>0x2230</load_address>
         <run_address>0x2230</run_address>
         <size>0x1d5</size>
         <input_file_ref idref="fl-31"/>
      </object_component>
      <object_component id="oc-2f3">
         <name>.debug_info</name>
         <load_address>0x2405</load_address>
         <run_address>0x2405</run_address>
         <size>0x39</size>
         <input_file_ref idref="fl-31"/>
      </object_component>
      <object_component id="oc-2ff">
         <name>.debug_info</name>
         <load_address>0x243e</load_address>
         <run_address>0x243e</run_address>
         <size>0x2c</size>
         <input_file_ref idref="fl-31"/>
      </object_component>
      <object_component id="oc-25e">
         <name>.debug_info</name>
         <load_address>0x246a</load_address>
         <run_address>0x246a</run_address>
         <size>0x2c</size>
         <input_file_ref idref="fl-31"/>
      </object_component>
      <object_component id="oc-2f8">
         <name>.debug_info</name>
         <load_address>0x2496</load_address>
         <run_address>0x2496</run_address>
         <size>0xcd</size>
         <input_file_ref idref="fl-31"/>
      </object_component>
      <object_component id="oc-13d">
         <name>.debug_info</name>
         <load_address>0x2563</load_address>
         <run_address>0x2563</run_address>
         <size>0x1b4</size>
         <input_file_ref idref="fl-32"/>
      </object_component>
      <object_component id="oc-e2">
         <name>.debug_info</name>
         <load_address>0x2717</load_address>
         <run_address>0x2717</run_address>
         <size>0x1c7</size>
         <input_file_ref idref="fl-32"/>
      </object_component>
      <object_component id="oc-138">
         <name>.debug_info</name>
         <load_address>0x28de</load_address>
         <run_address>0x28de</run_address>
         <size>0x46</size>
         <input_file_ref idref="fl-32"/>
      </object_component>
      <object_component id="oc-12a">
         <name>.debug_info</name>
         <load_address>0x2924</load_address>
         <run_address>0x2924</run_address>
         <size>0x2c</size>
         <input_file_ref idref="fl-32"/>
      </object_component>
      <object_component id="oc-141">
         <name>.debug_info</name>
         <load_address>0x2950</load_address>
         <run_address>0x2950</run_address>
         <size>0x148</size>
         <input_file_ref idref="fl-36"/>
      </object_component>
      <object_component id="oc-24d">
         <name>.debug_info</name>
         <load_address>0x2a98</load_address>
         <run_address>0x2a98</run_address>
         <size>0x145</size>
         <input_file_ref idref="fl-37"/>
      </object_component>
      <object_component id="oc-db">
         <name>.debug_info</name>
         <load_address>0x2bdd</load_address>
         <run_address>0x2bdd</run_address>
         <size>0x175</size>
         <input_file_ref idref="fl-38"/>
      </object_component>
      <object_component id="oc-3b">
         <name>.debug_info</name>
         <load_address>0x2d52</load_address>
         <run_address>0x2d52</run_address>
         <size>0x1df</size>
         <input_file_ref idref="fl-38"/>
      </object_component>
      <object_component id="oc-d6">
         <name>.debug_info</name>
         <load_address>0x2f31</load_address>
         <run_address>0x2f31</run_address>
         <size>0x46</size>
         <input_file_ref idref="fl-38"/>
      </object_component>
      <object_component id="oc-12f">
         <name>.debug_info</name>
         <load_address>0x2f77</load_address>
         <run_address>0x2f77</run_address>
         <size>0x2c</size>
         <input_file_ref idref="fl-38"/>
      </object_component>
      <object_component id="oc-127">
         <name>.debug_info</name>
         <load_address>0x2fa3</load_address>
         <run_address>0x2fa3</run_address>
         <size>0x16b</size>
         <input_file_ref idref="fl-39"/>
      </object_component>
      <object_component id="oc-37">
         <name>.debug_info</name>
         <load_address>0x310e</load_address>
         <run_address>0x310e</run_address>
         <size>0x287</size>
         <input_file_ref idref="fl-39"/>
      </object_component>
      <object_component id="oc-c5">
         <name>.debug_info</name>
         <load_address>0x3395</load_address>
         <run_address>0x3395</run_address>
         <size>0x60</size>
         <input_file_ref idref="fl-39"/>
      </object_component>
      <object_component id="oc-161">
         <name>.debug_info</name>
         <load_address>0x33f5</load_address>
         <run_address>0x33f5</run_address>
         <size>0x46</size>
         <input_file_ref idref="fl-39"/>
      </object_component>
      <object_component id="oc-122">
         <name>.debug_info</name>
         <load_address>0x343b</load_address>
         <run_address>0x343b</run_address>
         <size>0x39</size>
         <input_file_ref idref="fl-39"/>
      </object_component>
      <object_component id="oc-2ca">
         <name>.debug_info</name>
         <load_address>0x3474</load_address>
         <run_address>0x3474</run_address>
         <size>0x19c</size>
         <input_file_ref idref="fl-3a"/>
      </object_component>
      <object_component id="oc-21a">
         <name>.debug_info</name>
         <load_address>0x3610</load_address>
         <run_address>0x3610</run_address>
         <size>0x24c</size>
         <input_file_ref idref="fl-3a"/>
      </object_component>
      <object_component id="oc-1e1">
         <name>.debug_info</name>
         <load_address>0x385c</load_address>
         <run_address>0x385c</run_address>
         <size>0x94</size>
         <input_file_ref idref="fl-3a"/>
      </object_component>
      <object_component id="oc-208">
         <name>.debug_info</name>
         <load_address>0x38f0</load_address>
         <run_address>0x38f0</run_address>
         <size>0x1a4</size>
         <input_file_ref idref="fl-3b"/>
      </object_component>
      <object_component id="oc-1ee">
         <name>.debug_info</name>
         <load_address>0x3a94</load_address>
         <run_address>0x3a94</run_address>
         <size>0x197</size>
         <input_file_ref idref="fl-3c"/>
      </object_component>
      <object_component id="oc-17a">
         <name>.debug_info</name>
         <load_address>0x3c2b</load_address>
         <run_address>0x3c2b</run_address>
         <size>0x27f</size>
         <input_file_ref idref="fl-3c"/>
      </object_component>
      <object_component id="oc-1f2">
         <name>.debug_info</name>
         <load_address>0x3eaa</load_address>
         <run_address>0x3eaa</run_address>
         <size>0x166</size>
         <input_file_ref idref="fl-3d"/>
      </object_component>
      <object_component id="oc-204">
         <name>.debug_info</name>
         <load_address>0x4010</load_address>
         <run_address>0x4010</run_address>
         <size>0x1b5</size>
         <input_file_ref idref="fl-3e"/>
      </object_component>
      <object_component id="oc-170">
         <name>.debug_info</name>
         <load_address>0x41c5</load_address>
         <run_address>0x41c5</run_address>
         <size>0x15b</size>
         <input_file_ref idref="fl-3f"/>
      </object_component>
      <object_component id="oc-273">
         <name>.debug_info</name>
         <load_address>0x4320</load_address>
         <run_address>0x4320</run_address>
         <size>0x160</size>
         <input_file_ref idref="fl-40"/>
      </object_component>
      <object_component id="oc-1d2">
         <name>.debug_info</name>
         <load_address>0x4480</load_address>
         <run_address>0x4480</run_address>
         <size>0x210</size>
         <input_file_ref idref="fl-40"/>
      </object_component>
      <object_component id="oc-33a">
         <name>.debug_info</name>
         <load_address>0x4690</load_address>
         <run_address>0x4690</run_address>
         <size>0x195</size>
         <input_file_ref idref="fl-41"/>
      </object_component>
      <object_component id="oc-2c4">
         <name>.debug_info</name>
         <load_address>0x4825</load_address>
         <run_address>0x4825</run_address>
         <size>0x31e</size>
         <input_file_ref idref="fl-41"/>
      </object_component>
      <object_component id="oc-289">
         <name>.debug_info</name>
         <load_address>0x4b43</load_address>
         <run_address>0x4b43</run_address>
         <size>0x167</size>
         <input_file_ref idref="fl-42"/>
      </object_component>
      <object_component id="oc-1e8">
         <name>.debug_info</name>
         <load_address>0x4caa</load_address>
         <run_address>0x4caa</run_address>
         <size>0x5c4</size>
         <input_file_ref idref="fl-42"/>
      </object_component>
      <object_component id="oc-1e6">
         <name>.debug_info</name>
         <load_address>0x526e</load_address>
         <run_address>0x526e</run_address>
         <size>0x197</size>
         <input_file_ref idref="fl-43"/>
      </object_component>
      <object_component id="oc-174">
         <name>.debug_info</name>
         <load_address>0x5405</load_address>
         <run_address>0x5405</run_address>
         <size>0x2d5</size>
         <input_file_ref idref="fl-43"/>
      </object_component>
      <object_component id="oc-214">
         <name>.debug_info</name>
         <load_address>0x56da</load_address>
         <run_address>0x56da</run_address>
         <size>0x14d</size>
         <input_file_ref idref="fl-44"/>
      </object_component>
      <object_component id="oc-354">
         <name>.debug_info</name>
         <load_address>0x5827</load_address>
         <run_address>0x5827</run_address>
         <size>0x167</size>
         <input_file_ref idref="fl-45"/>
      </object_component>
      <object_component id="oc-334">
         <name>.debug_info</name>
         <load_address>0x598e</load_address>
         <run_address>0x598e</run_address>
         <size>0x1ee</size>
         <input_file_ref idref="fl-45"/>
      </object_component>
      <object_component id="oc-1fc">
         <name>.debug_info</name>
         <load_address>0x5b7c</load_address>
         <run_address>0x5b7c</run_address>
         <size>0x182</size>
         <input_file_ref idref="fl-46"/>
      </object_component>
      <object_component id="oc-232">
         <name>.debug_info</name>
         <load_address>0x5cfe</load_address>
         <run_address>0x5cfe</run_address>
         <size>0x15a</size>
         <input_file_ref idref="fl-47"/>
      </object_component>
      <object_component id="oc-186">
         <name>.debug_info</name>
         <load_address>0x5e58</load_address>
         <run_address>0x5e58</run_address>
         <size>0x1cd</size>
         <input_file_ref idref="fl-47"/>
      </object_component>
      <object_component id="oc-190">
         <name>.debug_info</name>
         <load_address>0x6025</load_address>
         <run_address>0x6025</run_address>
         <size>0x117</size>
         <input_file_ref idref="fl-48"/>
      </object_component>
      <object_component id="oc-129">
         <name>.debug_info</name>
         <load_address>0x613c</load_address>
         <run_address>0x613c</run_address>
         <size>0x176</size>
         <input_file_ref idref="fl-4b"/>
      </object_component>
      <object_component id="oc-d2">
         <name>.debug_info</name>
         <load_address>0x62b2</load_address>
         <run_address>0x62b2</run_address>
         <size>0x16f</size>
         <input_file_ref idref="fl-4b"/>
      </object_component>
      <object_component id="oc-2bc">
         <name>.debug_info</name>
         <load_address>0x6421</load_address>
         <run_address>0x6421</run_address>
         <size>0x208</size>
         <input_file_ref idref="fl-4c"/>
      </object_component>
      <object_component id="oc-298">
         <name>.debug_info</name>
         <load_address>0x6629</load_address>
         <run_address>0x6629</run_address>
         <size>0xfc</size>
         <input_file_ref idref="fl-4c"/>
      </object_component>
      <object_component id="oc-2a0">
         <name>.debug_info</name>
         <load_address>0x6725</load_address>
         <run_address>0x6725</run_address>
         <size>0xf8</size>
         <input_file_ref idref="fl-4c"/>
      </object_component>
      <object_component id="oc-2b9">
         <name>.debug_info</name>
         <load_address>0x681d</load_address>
         <run_address>0x681d</run_address>
         <size>0xf7</size>
         <input_file_ref idref="fl-4c"/>
      </object_component>
      <object_component id="oc-211">
         <name>.debug_info</name>
         <load_address>0x6914</load_address>
         <run_address>0x6914</run_address>
         <size>0xca8</size>
         <input_file_ref idref="fl-4c"/>
      </object_component>
      <object_component id="oc-32e">
         <name>.debug_info</name>
         <load_address>0x75bc</load_address>
         <run_address>0x75bc</run_address>
         <size>0x2c</size>
         <input_file_ref idref="fl-4c"/>
      </object_component>
      <object_component id="oc-2bd">
         <name>.debug_info</name>
         <load_address>0x75e8</load_address>
         <run_address>0x75e8</run_address>
         <size>0x2c</size>
         <input_file_ref idref="fl-4c"/>
      </object_component>
      <object_component id="oc-2cc">
         <name>.debug_info</name>
         <load_address>0x7614</load_address>
         <run_address>0x7614</run_address>
         <size>0x15a</size>
         <input_file_ref idref="fl-4d"/>
      </object_component>
      <object_component id="oc-222">
         <name>.debug_info</name>
         <load_address>0x776e</load_address>
         <run_address>0x776e</run_address>
         <size>0x3a6</size>
         <input_file_ref idref="fl-4d"/>
      </object_component>
      <object_component id="oc-28e">
         <name>.debug_info</name>
         <load_address>0x7b14</load_address>
         <run_address>0x7b14</run_address>
         <size>0x15f</size>
         <input_file_ref idref="fl-4e"/>
      </object_component>
      <object_component id="oc-1f8">
         <name>.debug_info</name>
         <load_address>0x7c73</load_address>
         <run_address>0x7c73</run_address>
         <size>0x43a</size>
         <input_file_ref idref="fl-4e"/>
      </object_component>
      <object_component id="oc-327">
         <name>.debug_info</name>
         <load_address>0x80ad</load_address>
         <run_address>0x80ad</run_address>
         <size>0x15c</size>
         <input_file_ref idref="fl-4f"/>
      </object_component>
      <object_component id="oc-2ab">
         <name>.debug_info</name>
         <load_address>0x8209</load_address>
         <run_address>0x8209</run_address>
         <size>0x25a</size>
         <input_file_ref idref="fl-4f"/>
      </object_component>
      <object_component id="oc-325">
         <name>.debug_info</name>
         <load_address>0x8463</load_address>
         <run_address>0x8463</run_address>
         <size>0x1a5</size>
         <input_file_ref idref="fl-50"/>
      </object_component>
      <object_component id="oc-2a6">
         <name>.debug_info</name>
         <load_address>0x8608</load_address>
         <run_address>0x8608</run_address>
         <size>0x230</size>
         <input_file_ref idref="fl-50"/>
      </object_component>
      <object_component id="oc-31f">
         <name>.debug_info</name>
         <load_address>0x8838</load_address>
         <run_address>0x8838</run_address>
         <size>0x155</size>
         <input_file_ref idref="fl-51"/>
      </object_component>
      <object_component id="oc-2b0">
         <name>.debug_info</name>
         <load_address>0x898d</load_address>
         <run_address>0x898d</run_address>
         <size>0x118</size>
         <input_file_ref idref="fl-52"/>
      </object_component>
      <object_component id="oc-277">
         <name>.debug_info</name>
         <load_address>0x8aa5</load_address>
         <run_address>0x8aa5</run_address>
         <size>0x11e</size>
         <input_file_ref idref="fl-52"/>
      </object_component>
      <object_component id="oc-29d">
         <name>.debug_info</name>
         <load_address>0x8bc3</load_address>
         <run_address>0x8bc3</run_address>
         <size>0x12d</size>
         <input_file_ref idref="fl-53"/>
      </object_component>
      <object_component id="oc-315">
         <name>.debug_info</name>
         <load_address>0x8cf0</load_address>
         <run_address>0x8cf0</run_address>
         <size>0x119</size>
         <input_file_ref idref="fl-54"/>
      </object_component>
      <object_component id="oc-2b4">
         <name>.debug_info</name>
         <load_address>0x8e09</load_address>
         <run_address>0x8e09</run_address>
         <size>0x118</size>
         <input_file_ref idref="fl-55"/>
      </object_component>
      <object_component id="oc-22e">
         <name>.debug_info</name>
         <load_address>0x8f21</load_address>
         <run_address>0x8f21</run_address>
         <size>0x11e</size>
         <input_file_ref idref="fl-55"/>
      </object_component>
      <object_component id="oc-291">
         <name>.debug_info</name>
         <load_address>0x903f</load_address>
         <run_address>0x903f</run_address>
         <size>0x118</size>
         <input_file_ref idref="fl-56"/>
      </object_component>
      <object_component id="oc-26e">
         <name>.debug_info</name>
         <load_address>0x9157</load_address>
         <run_address>0x9157</run_address>
         <size>0x11e</size>
         <input_file_ref idref="fl-56"/>
      </object_component>
      <object_component id="oc-284">
         <name>.debug_info</name>
         <load_address>0x9275</load_address>
         <run_address>0x9275</run_address>
         <size>0x119</size>
         <input_file_ref idref="fl-57"/>
      </object_component>
      <object_component id="oc-27b">
         <name>.debug_info</name>
         <load_address>0x938e</load_address>
         <run_address>0x938e</run_address>
         <size>0x119</size>
         <input_file_ref idref="fl-58"/>
      </object_component>
      <object_component id="oc-280">
         <name>.debug_info</name>
         <load_address>0x94a7</load_address>
         <run_address>0x94a7</run_address>
         <size>0x167</size>
         <input_file_ref idref="fl-5a"/>
      </object_component>
      <object_component id="oc-1dc">
         <name>.debug_info</name>
         <load_address>0x960e</load_address>
         <run_address>0x960e</run_address>
         <size>0x3a0</size>
         <input_file_ref idref="fl-5a"/>
      </object_component>
      <object_component id="oc-31c">
         <name>.debug_info</name>
         <load_address>0x99ae</load_address>
         <run_address>0x99ae</run_address>
         <size>0xf3</size>
         <input_file_ref idref="fl-5b"/>
      </object_component>
      <object_component id="oc-39d">
         <name>.debug_info</name>
         <load_address>0x9aa1</load_address>
         <run_address>0x9aa1</run_address>
         <size>0xa6</size>
      </object_component>
      <object_component id="oc-234">
         <name>.debug_line</name>
         <load_address>0x0</load_address>
         <run_address>0x0</run_address>
         <size>0xa8</size>
         <input_file_ref idref="fl-2"/>
      </object_component>
      <object_component id="oc-146">
         <name>.debug_line</name>
         <load_address>0xa8</load_address>
         <run_address>0xa8</run_address>
         <size>0x4b</size>
         <input_file_ref idref="fl-2"/>
      </object_component>
      <object_component id="oc-238">
         <name>.debug_line</name>
         <load_address>0xf3</load_address>
         <run_address>0xf3</run_address>
         <size>0x6c</size>
         <input_file_ref idref="fl-2"/>
      </object_component>
      <object_component id="oc-cd">
         <name>.debug_line</name>
         <load_address>0x15f</load_address>
         <run_address>0x15f</run_address>
         <size>0x20</size>
         <input_file_ref idref="fl-2"/>
      </object_component>
      <object_component id="oc-2da">
         <name>.debug_line</name>
         <load_address>0x17f</load_address>
         <run_address>0x17f</run_address>
         <size>0x70</size>
         <input_file_ref idref="fl-2"/>
      </object_component>
      <object_component id="oc-2ce">
         <name>.debug_line</name>
         <load_address>0x1ef</load_address>
         <run_address>0x1ef</run_address>
         <size>0x42</size>
         <input_file_ref idref="fl-1d"/>
      </object_component>
      <object_component id="oc-180">
         <name>.debug_line</name>
         <load_address>0x231</load_address>
         <run_address>0x231</run_address>
         <size>0x2e8</size>
         <input_file_ref idref="fl-1d"/>
      </object_component>
      <object_component id="oc-2d2">
         <name>.debug_line</name>
         <load_address>0x519</load_address>
         <run_address>0x519</run_address>
         <size>0x92</size>
         <input_file_ref idref="fl-1d"/>
      </object_component>
      <object_component id="oc-22a">
         <name>.debug_line</name>
         <load_address>0x5ab</load_address>
         <run_address>0x5ab</run_address>
         <size>0x8f</size>
         <input_file_ref idref="fl-1d"/>
      </object_component>
      <object_component id="oc-1d6">
         <name>.debug_line</name>
         <load_address>0x63a</load_address>
         <run_address>0x63a</run_address>
         <size>0x4e</size>
         <input_file_ref idref="fl-1e"/>
      </object_component>
      <object_component id="oc-c3">
         <name>.debug_line</name>
         <load_address>0x688</load_address>
         <run_address>0x688</run_address>
         <size>0x40</size>
         <input_file_ref idref="fl-1f"/>
      </object_component>
      <object_component id="oc-e0">
         <name>.debug_line</name>
         <load_address>0x6c8</load_address>
         <run_address>0x6c8</run_address>
         <size>0x3d</size>
         <input_file_ref idref="fl-2d"/>
      </object_component>
      <object_component id="oc-b9">
         <name>.debug_line</name>
         <load_address>0x705</load_address>
         <run_address>0x705</run_address>
         <size>0x4e</size>
         <input_file_ref idref="fl-2e"/>
      </object_component>
      <object_component id="oc-bb">
         <name>.debug_line</name>
         <load_address>0x753</load_address>
         <run_address>0x753</run_address>
         <size>0x5e</size>
         <input_file_ref idref="fl-2f"/>
      </object_component>
      <object_component id="oc-11e">
         <name>.debug_line</name>
         <load_address>0x7b1</load_address>
         <run_address>0x7b1</run_address>
         <size>0x2a</size>
         <input_file_ref idref="fl-30"/>
      </object_component>
      <object_component id="oc-f7">
         <name>.debug_line</name>
         <load_address>0x7db</load_address>
         <run_address>0x7db</run_address>
         <size>0x46</size>
         <input_file_ref idref="fl-30"/>
      </object_component>
      <object_component id="oc-2f2">
         <name>.debug_line</name>
         <load_address>0x821</load_address>
         <run_address>0x821</run_address>
         <size>0xb7</size>
         <input_file_ref idref="fl-31"/>
      </object_component>
      <object_component id="oc-19f">
         <name>.debug_line</name>
         <load_address>0x8d8</load_address>
         <run_address>0x8d8</run_address>
         <size>0x76</size>
         <input_file_ref idref="fl-31"/>
      </object_component>
      <object_component id="oc-2f6">
         <name>.debug_line</name>
         <load_address>0x94e</load_address>
         <run_address>0x94e</run_address>
         <size>0x2e</size>
         <input_file_ref idref="fl-31"/>
      </object_component>
      <object_component id="oc-302">
         <name>.debug_line</name>
         <load_address>0x97c</load_address>
         <run_address>0x97c</run_address>
         <size>0x92</size>
         <input_file_ref idref="fl-31"/>
      </object_component>
      <object_component id="oc-261">
         <name>.debug_line</name>
         <load_address>0xa0e</load_address>
         <run_address>0xa0e</run_address>
         <size>0x8f</size>
         <input_file_ref idref="fl-31"/>
      </object_component>
      <object_component id="oc-2fb">
         <name>.debug_line</name>
         <load_address>0xa9d</load_address>
         <run_address>0xa9d</run_address>
         <size>0x8b</size>
         <input_file_ref idref="fl-31"/>
      </object_component>
      <object_component id="oc-16b">
         <name>.debug_line</name>
         <load_address>0xb28</load_address>
         <run_address>0xb28</run_address>
         <size>0x34</size>
         <input_file_ref idref="fl-32"/>
      </object_component>
      <object_component id="oc-e5">
         <name>.debug_line</name>
         <load_address>0xb5c</load_address>
         <run_address>0xb5c</run_address>
         <size>0x4d</size>
         <input_file_ref idref="fl-32"/>
      </object_component>
      <object_component id="oc-13b">
         <name>.debug_line</name>
         <load_address>0xba9</load_address>
         <run_address>0xba9</run_address>
         <size>0x34</size>
         <input_file_ref idref="fl-32"/>
      </object_component>
      <object_component id="oc-12d">
         <name>.debug_line</name>
         <load_address>0xbdd</load_address>
         <run_address>0xbdd</run_address>
         <size>0x8a</size>
         <input_file_ref idref="fl-32"/>
      </object_component>
      <object_component id="oc-144">
         <name>.debug_line</name>
         <load_address>0xc67</load_address>
         <run_address>0xc67</run_address>
         <size>0x3e</size>
         <input_file_ref idref="fl-36"/>
      </object_component>
      <object_component id="oc-250">
         <name>.debug_line</name>
         <load_address>0xca5</load_address>
         <run_address>0xca5</run_address>
         <size>0x3a</size>
         <input_file_ref idref="fl-37"/>
      </object_component>
      <object_component id="oc-135">
         <name>.debug_line</name>
         <load_address>0xcdf</load_address>
         <run_address>0xcdf</run_address>
         <size>0x20</size>
         <input_file_ref idref="fl-38"/>
      </object_component>
      <object_component id="oc-3e">
         <name>.debug_line</name>
         <load_address>0xcff</load_address>
         <run_address>0xcff</run_address>
         <size>0x50</size>
         <input_file_ref idref="fl-38"/>
      </object_component>
      <object_component id="oc-d9">
         <name>.debug_line</name>
         <load_address>0xd4f</load_address>
         <run_address>0xd4f</run_address>
         <size>0x3a</size>
         <input_file_ref idref="fl-38"/>
      </object_component>
      <object_component id="oc-132">
         <name>.debug_line</name>
         <load_address>0xd89</load_address>
         <run_address>0xd89</run_address>
         <size>0x8a</size>
         <input_file_ref idref="fl-38"/>
      </object_component>
      <object_component id="oc-167">
         <name>.debug_line</name>
         <load_address>0xe13</load_address>
         <run_address>0xe13</run_address>
         <size>0x20</size>
         <input_file_ref idref="fl-39"/>
      </object_component>
      <object_component id="oc-35">
         <name>.debug_line</name>
         <load_address>0xe33</load_address>
         <run_address>0xe33</run_address>
         <size>0x92</size>
         <input_file_ref idref="fl-39"/>
      </object_component>
      <object_component id="oc-c8">
         <name>.debug_line</name>
         <load_address>0xec5</load_address>
         <run_address>0xec5</run_address>
         <size>0x3a</size>
         <input_file_ref idref="fl-39"/>
      </object_component>
      <object_component id="oc-164">
         <name>.debug_line</name>
         <load_address>0xeff</load_address>
         <run_address>0xeff</run_address>
         <size>0x92</size>
         <input_file_ref idref="fl-39"/>
      </object_component>
      <object_component id="oc-125">
         <name>.debug_line</name>
         <load_address>0xf91</load_address>
         <run_address>0xf91</run_address>
         <size>0x8e</size>
         <input_file_ref idref="fl-39"/>
      </object_component>
      <object_component id="oc-33c">
         <name>.debug_line</name>
         <load_address>0x101f</load_address>
         <run_address>0x101f</run_address>
         <size>0x2d</size>
         <input_file_ref idref="fl-3a"/>
      </object_component>
      <object_component id="oc-21d">
         <name>.debug_line</name>
         <load_address>0x104c</load_address>
         <run_address>0x104c</run_address>
         <size>0xcc</size>
         <input_file_ref idref="fl-3a"/>
      </object_component>
      <object_component id="oc-1e4">
         <name>.debug_line</name>
         <load_address>0x1118</load_address>
         <run_address>0x1118</run_address>
         <size>0x2e</size>
         <input_file_ref idref="fl-3a"/>
      </object_component>
      <object_component id="oc-20b">
         <name>.debug_line</name>
         <load_address>0x1146</load_address>
         <run_address>0x1146</run_address>
         <size>0x75</size>
         <input_file_ref idref="fl-3b"/>
      </object_component>
      <object_component id="oc-28b">
         <name>.debug_line</name>
         <load_address>0x11bb</load_address>
         <run_address>0x11bb</run_address>
         <size>0x2d</size>
         <input_file_ref idref="fl-3c"/>
      </object_component>
      <object_component id="oc-17e">
         <name>.debug_line</name>
         <load_address>0x11e8</load_address>
         <run_address>0x11e8</run_address>
         <size>0xec</size>
         <input_file_ref idref="fl-3c"/>
      </object_component>
      <object_component id="oc-1f4">
         <name>.debug_line</name>
         <load_address>0x12d4</load_address>
         <run_address>0x12d4</run_address>
         <size>0x3d</size>
         <input_file_ref idref="fl-3d"/>
      </object_component>
      <object_component id="oc-203">
         <name>.debug_line</name>
         <load_address>0x1311</load_address>
         <run_address>0x1311</run_address>
         <size>0x5c</size>
         <input_file_ref idref="fl-3e"/>
      </object_component>
      <object_component id="oc-172">
         <name>.debug_line</name>
         <load_address>0x136d</load_address>
         <run_address>0x136d</run_address>
         <size>0x3d</size>
         <input_file_ref idref="fl-3f"/>
      </object_component>
      <object_component id="oc-306">
         <name>.debug_line</name>
         <load_address>0x13aa</load_address>
         <run_address>0x13aa</run_address>
         <size>0x20</size>
         <input_file_ref idref="fl-40"/>
      </object_component>
      <object_component id="oc-1cf">
         <name>.debug_line</name>
         <load_address>0x13ca</load_address>
         <run_address>0x13ca</run_address>
         <size>0x81</size>
         <input_file_ref idref="fl-40"/>
      </object_component>
      <object_component id="oc-356">
         <name>.debug_line</name>
         <load_address>0x144b</load_address>
         <run_address>0x144b</run_address>
         <size>0x2d</size>
         <input_file_ref idref="fl-41"/>
      </object_component>
      <object_component id="oc-2c8">
         <name>.debug_line</name>
         <load_address>0x1478</load_address>
         <run_address>0x1478</run_address>
         <size>0xfd</size>
         <input_file_ref idref="fl-41"/>
      </object_component>
      <object_component id="oc-30d">
         <name>.debug_line</name>
         <load_address>0x1575</load_address>
         <run_address>0x1575</run_address>
         <size>0x20</size>
         <input_file_ref idref="fl-42"/>
      </object_component>
      <object_component id="oc-1eb">
         <name>.debug_line</name>
         <load_address>0x1595</load_address>
         <run_address>0x1595</run_address>
         <size>0xdc</size>
         <input_file_ref idref="fl-42"/>
      </object_component>
      <object_component id="oc-282">
         <name>.debug_line</name>
         <load_address>0x1671</load_address>
         <run_address>0x1671</run_address>
         <size>0x2d</size>
         <input_file_ref idref="fl-43"/>
      </object_component>
      <object_component id="oc-178">
         <name>.debug_line</name>
         <load_address>0x169e</load_address>
         <run_address>0x169e</run_address>
         <size>0x103</size>
         <input_file_ref idref="fl-43"/>
      </object_component>
      <object_component id="oc-217">
         <name>.debug_line</name>
         <load_address>0x17a1</load_address>
         <run_address>0x17a1</run_address>
         <size>0x49</size>
         <input_file_ref idref="fl-44"/>
      </object_component>
      <object_component id="oc-358">
         <name>.debug_line</name>
         <load_address>0x17ea</load_address>
         <run_address>0x17ea</run_address>
         <size>0x20</size>
         <input_file_ref idref="fl-45"/>
      </object_component>
      <object_component id="oc-337">
         <name>.debug_line</name>
         <load_address>0x180a</load_address>
         <run_address>0x180a</run_address>
         <size>0x82</size>
         <input_file_ref idref="fl-45"/>
      </object_component>
      <object_component id="oc-1ff">
         <name>.debug_line</name>
         <load_address>0x188c</load_address>
         <run_address>0x188c</run_address>
         <size>0x4b</size>
         <input_file_ref idref="fl-46"/>
      </object_component>
      <object_component id="oc-2d6">
         <name>.debug_line</name>
         <load_address>0x18d7</load_address>
         <run_address>0x18d7</run_address>
         <size>0x20</size>
         <input_file_ref idref="fl-47"/>
      </object_component>
      <object_component id="oc-189">
         <name>.debug_line</name>
         <load_address>0x18f7</load_address>
         <run_address>0x18f7</run_address>
         <size>0x6c</size>
         <input_file_ref idref="fl-47"/>
      </object_component>
      <object_component id="oc-193">
         <name>.debug_line</name>
         <load_address>0x1963</load_address>
         <run_address>0x1963</run_address>
         <size>0x3d</size>
         <input_file_ref idref="fl-48"/>
      </object_component>
      <object_component id="oc-169">
         <name>.debug_line</name>
         <load_address>0x19a0</load_address>
         <run_address>0x19a0</run_address>
         <size>0x20</size>
         <input_file_ref idref="fl-4b"/>
      </object_component>
      <object_component id="oc-d0">
         <name>.debug_line</name>
         <load_address>0x19c0</load_address>
         <run_address>0x19c0</run_address>
         <size>0x42</size>
         <input_file_ref idref="fl-4b"/>
      </object_component>
      <object_component id="oc-32d">
         <name>.debug_line</name>
         <load_address>0x1a02</load_address>
         <run_address>0x1a02</run_address>
         <size>0x2a</size>
         <input_file_ref idref="fl-4c"/>
      </object_component>
      <object_component id="oc-312">
         <name>.debug_line</name>
         <load_address>0x1a2c</load_address>
         <run_address>0x1a2c</run_address>
         <size>0x30</size>
         <input_file_ref idref="fl-4c"/>
      </object_component>
      <object_component id="oc-31a">
         <name>.debug_line</name>
         <load_address>0x1a5c</load_address>
         <run_address>0x1a5c</run_address>
         <size>0x30</size>
         <input_file_ref idref="fl-4c"/>
      </object_component>
      <object_component id="oc-32b">
         <name>.debug_line</name>
         <load_address>0x1a8c</load_address>
         <run_address>0x1a8c</run_address>
         <size>0x30</size>
         <input_file_ref idref="fl-4c"/>
      </object_component>
      <object_component id="oc-20e">
         <name>.debug_line</name>
         <load_address>0x1abc</load_address>
         <run_address>0x1abc</run_address>
         <size>0x2cc</size>
         <input_file_ref idref="fl-4c"/>
      </object_component>
      <object_component id="oc-331">
         <name>.debug_line</name>
         <load_address>0x1d88</load_address>
         <run_address>0x1d88</run_address>
         <size>0x92</size>
         <input_file_ref idref="fl-4c"/>
      </object_component>
      <object_component id="oc-2c0">
         <name>.debug_line</name>
         <load_address>0x1e1a</load_address>
         <run_address>0x1e1a</run_address>
         <size>0x8f</size>
         <input_file_ref idref="fl-4c"/>
      </object_component>
      <object_component id="oc-33e">
         <name>.debug_line</name>
         <load_address>0x1ea9</load_address>
         <run_address>0x1ea9</run_address>
         <size>0x20</size>
         <input_file_ref idref="fl-4d"/>
      </object_component>
      <object_component id="oc-224">
         <name>.debug_line</name>
         <load_address>0x1ec9</load_address>
         <run_address>0x1ec9</run_address>
         <size>0x41</size>
         <input_file_ref idref="fl-4d"/>
      </object_component>
      <object_component id="oc-30f">
         <name>.debug_line</name>
         <load_address>0x1f0a</load_address>
         <run_address>0x1f0a</run_address>
         <size>0x20</size>
         <input_file_ref idref="fl-4e"/>
      </object_component>
      <object_component id="oc-1fa">
         <name>.debug_line</name>
         <load_address>0x1f2a</load_address>
         <run_address>0x1f2a</run_address>
         <size>0x46</size>
         <input_file_ref idref="fl-4e"/>
      </object_component>
      <object_component id="oc-352">
         <name>.debug_line</name>
         <load_address>0x1f70</load_address>
         <run_address>0x1f70</run_address>
         <size>0x20</size>
         <input_file_ref idref="fl-4f"/>
      </object_component>
      <object_component id="oc-2ad">
         <name>.debug_line</name>
         <load_address>0x1f90</load_address>
         <run_address>0x1f90</run_address>
         <size>0xae</size>
         <input_file_ref idref="fl-4f"/>
      </object_component>
      <object_component id="oc-350">
         <name>.debug_line</name>
         <load_address>0x203e</load_address>
         <run_address>0x203e</run_address>
         <size>0x93</size>
         <input_file_ref idref="fl-50"/>
      </object_component>
      <object_component id="oc-2a3">
         <name>.debug_line</name>
         <load_address>0x20d1</load_address>
         <run_address>0x20d1</run_address>
         <size>0x72</size>
         <input_file_ref idref="fl-50"/>
      </object_component>
      <object_component id="oc-322">
         <name>.debug_line</name>
         <load_address>0x2143</load_address>
         <run_address>0x2143</run_address>
         <size>0x42</size>
         <input_file_ref idref="fl-51"/>
      </object_component>
      <object_component id="oc-2b2">
         <name>.debug_line</name>
         <load_address>0x2185</load_address>
         <run_address>0x2185</run_address>
         <size>0x3e</size>
         <input_file_ref idref="fl-52"/>
      </object_component>
      <object_component id="oc-279">
         <name>.debug_line</name>
         <load_address>0x21c3</load_address>
         <run_address>0x21c3</run_address>
         <size>0x56</size>
         <input_file_ref idref="fl-52"/>
      </object_component>
      <object_component id="oc-29c">
         <name>.debug_line</name>
         <load_address>0x2219</load_address>
         <run_address>0x2219</run_address>
         <size>0x4d</size>
         <input_file_ref idref="fl-53"/>
      </object_component>
      <object_component id="oc-314">
         <name>.debug_line</name>
         <load_address>0x2266</load_address>
         <run_address>0x2266</run_address>
         <size>0x43</size>
         <input_file_ref idref="fl-54"/>
      </object_component>
      <object_component id="oc-2b7">
         <name>.debug_line</name>
         <load_address>0x22a9</load_address>
         <run_address>0x22a9</run_address>
         <size>0x3e</size>
         <input_file_ref idref="fl-55"/>
      </object_component>
      <object_component id="oc-22d">
         <name>.debug_line</name>
         <load_address>0x22e7</load_address>
         <run_address>0x22e7</run_address>
         <size>0x56</size>
         <input_file_ref idref="fl-55"/>
      </object_component>
      <object_component id="oc-294">
         <name>.debug_line</name>
         <load_address>0x233d</load_address>
         <run_address>0x233d</run_address>
         <size>0x42</size>
         <input_file_ref idref="fl-56"/>
      </object_component>
      <object_component id="oc-271">
         <name>.debug_line</name>
         <load_address>0x237f</load_address>
         <run_address>0x237f</run_address>
         <size>0x65</size>
         <input_file_ref idref="fl-56"/>
      </object_component>
      <object_component id="oc-287">
         <name>.debug_line</name>
         <load_address>0x23e4</load_address>
         <run_address>0x23e4</run_address>
         <size>0x42</size>
         <input_file_ref idref="fl-57"/>
      </object_component>
      <object_component id="oc-27e">
         <name>.debug_line</name>
         <load_address>0x2426</load_address>
         <run_address>0x2426</run_address>
         <size>0x4b</size>
         <input_file_ref idref="fl-58"/>
      </object_component>
      <object_component id="oc-30a">
         <name>.debug_line</name>
         <load_address>0x2471</load_address>
[...]
         <object_component_ref idref="oc-b5"/>
      </symbol>
      <symbol id="sm-176">
         <name>__mspabi_slli_8</name>
         <value>0xf62e</value>
         <object_component_ref idref="oc-b5"/>
      </symbol>
      <symbol id="sm-177">
         <name>__mspabi_slli_7</name>
         <value>0xf630</value>
         <object_component_ref idref="oc-b5"/>
      </symbol>
      <symbol id="sm-178">
         <name>__mspabi_slli_6</name>
         <value>0xf632</value>
         <object_component_ref idref="oc-b5"/>
      </symbol>
      <symbol id="sm-179">
         <name>__mspabi_slli_5</name>
         <value>0xf634</value>
         <object_component_ref idref="oc-b5"/>
      </symbol>
      <symbol id="sm-17a">
         <name>__mspabi_slli_4</name>
         <value>0xf636</value>
         <object_component_ref idref="oc-b5"/>
      </symbol>
      <symbol id="sm-17b">
         <name>__mspabi_slli_3</name>
         <value>0xf638</value>
         <object_component_ref idref="oc-b5"/>
      </symbol>
      <symbol id="sm-17c">
         <name>__mspabi_slli_2</name>
         <value>0xf63a</value>
         <object_component_ref idref="oc-b5"/>
      </symbol>
      <symbol id="sm-17d">
         <name>__mspabi_slli_1</name>
         <value>0xf63c</value>
         <object_component_ref idref="oc-b5"/>
      </symbol>
      <symbol id="sm-17e">
         <name>__mspabi_slli_15</name>
         <value>0xf620</value>
         <object_component_ref idref="oc-b5"/>
      </symbol>
      <symbol id="sm-17f">
         <name>__mspabi_slli_14</name>
         <value>0xf622</value>
         <object_component_ref idref="oc-b5"/>
      </symbol>
      <symbol id="sm-180">
         <name>__mspabi_slli_13</name>
         <value>0xf624</value>
         <object_component_ref idref="oc-b5"/>
      </symbol>
      <symbol id="sm-181">
         <name>__mspabi_slli_12</name>
         <value>0xf626</value>
         <object_component_ref idref="oc-b5"/>
      </symbol>
      <symbol id="sm-182">
         <name>__mspabi_slli_11</name>
         <value>0xf628</value>
         <object_component_ref idref="oc-b5"/>
      </symbol>
      <symbol id="sm-183">
         <name>__mspabi_slli_10</name>
         <value>0xf62a</value>
         <object_component_ref idref="oc-b5"/>
      </symbol>
      <symbol id="sm-18b">
         <name>__mspabi_srli_8</name>
         <value>0xf480</value>
         <object_component_ref idref="oc-ba"/>
      </symbol>
      <symbol id="sm-18c">
         <name>__mspabi_srli_9</name>
         <value>0xf47c</value>
         <object_component_ref idref="oc-ba"/>
      </symbol>
      <symbol id="sm-18d">
         <name>__mspabi_srli_6</name>
         <value>0xf488</value>
         <object_component_ref idref="oc-ba"/>
      </symbol>
      <symbol id="sm-18e">
         <name>__mspabi_srli_7</name>
         <value>0xf484</value>
         <object_component_ref idref="oc-ba"/>
      </symbol>
      <symbol id="sm-18f">
         <name>__mspabi_srli_4</name>
         <value>0xf490</value>
         <object_component_ref idref="oc-ba"/>
      </symbol>
      <symbol id="sm-190">
         <name>__mspabi_srli_5</name>
         <value>0xf48c</value>
         <object_component_ref idref="oc-ba"/>
      </symbol>
      <symbol id="sm-191">
         <name>__mspabi_srli_2</name>
         <value>0xf498</value>
         <object_component_ref idref="oc-ba"/>
      </symbol>
      <symbol id="sm-192">
         <name>__mspabi_srli_3</name>
         <value>0xf494</value>
         <object_component_ref idref="oc-ba"/>
      </symbol>
      <symbol id="sm-193">
         <name>__mspabi_srli_1</name>
         <value>0xf49c</value>
         <object_component_ref idref="oc-ba"/>
      </symbol>
      <symbol id="sm-194">
         <name>__mspabi_srli</name>
         <value>0xf456</value>
         <object_component_ref idref="oc-ba"/>
      </symbol>
      <symbol id="sm-195">
         <name>__mspabi_srli_15</name>
         <value>0xf464</value>
         <object_component_ref idref="oc-ba"/>
      </symbol>
      <symbol id="sm-196">
         <name>__mspabi_srli_14</name>
         <value>0xf468</value>
         <object_component_ref idref="oc-ba"/>
      </symbol>
      <symbol id="sm-197">
         <name>__mspabi_srli_13</name>
         <value>0xf46c</value>
         <object_component_ref idref="oc-ba"/>
      </symbol>
      <symbol id="sm-198">
         <name>__mspabi_srli_12</name>
         <value>0xf470</value>
         <object_component_ref idref="oc-ba"/>
      </symbol>
      <symbol id="sm-199">
         <name>__mspabi_srli_11</name>
         <value>0xf474</value>
         <object_component_ref idref="oc-ba"/>
      </symbol>
      <symbol id="sm-19a">
         <name>__mspabi_srli_10</name>
         <value>0xf478</value>
         <object_component_ref idref="oc-ba"/>
      </symbol>
      <symbol id="sm-1aa">
         <name>_stack</name>
         <value>0x3b0</value>
         <object_component_ref idref="oc-b1"/>
      </symbol>
      <symbol id="sm-1ab">
         <name>_c_int00_noargs</name>
         <value>0xf6b8</value>
         <object_component_ref idref="oc-f3"/>
      </symbol>
      <symbol id="sm-1ac">
         <name>_reset_vector</name>
         <value>0xfffe</value>
         <object_component_ref idref="oc-b4"/>
      </symbol>
      <symbol id="sm-1ce">
         <name>__TI_auto_init_nobinit_nopinit</name>
         <value>0xf4a2</value>
         <object_component_ref idref="oc-19b"/>
      </symbol>
      <symbol id="sm-1e6">
         <name>__TI_zero_init_nomemset</name>
         <value>0xf6ea</value>
         <object_component_ref idref="oc-e1"/>
      </symbol>
      <symbol id="sm-1f2">
         <name>_system_pre_init</name>
         <value>0xf792</value>
         <object_component_ref idref="oc-13f"/>
      </symbol>
      <symbol id="sm-1fb">
         <name>_system_post_cinit</name>
         <value>0xf796</value>
         <object_component_ref idref="oc-24c"/>
      </symbol>
      <symbol id="sm-211">
         <name>__TI_decompress_none</name>
         <value>0xf712</value>
         <object_component_ref idref="oc-3a"/>
      </symbol>
      <symbol id="sm-234">
         <name>__TI_decompress_lzss</name>
         <value>0xf2a0</value>
         <object_component_ref idref="oc-34"/>
      </symbol>
      <symbol id="sm-25b">
         <name>__mspabi_addd</name>
         <value>0xdaea</value>
         <object_component_ref idref="oc-219"/>
      </symbol>
      <symbol id="sm-275">
         <name>__mspabi_cmpd</name>
         <value>0xefce</value>
         <object_component_ref idref="oc-207"/>
      </symbol>
      <symbol id="sm-296">
         <name>__mspabi_divd</name>
         <value>0xea5c</value>
         <object_component_ref idref="oc-179"/>
      </symbol>
      <symbol id="sm-2a3">
         <name>__mspabi_fixdi</name>
         <value>0xf66a</value>
         <object_component_ref idref="oc-1ef"/>
      </symbol>
      <symbol id="sm-2b2">
         <name>__mspabi_fixdli</name>
         <value>0xf31c</value>
         <object_component_ref idref="oc-201"/>
      </symbol>
      <symbol id="sm-2bb">
         <name>__mspabi_fltid</name>
         <value>0xf778</value>
         <object_component_ref idref="oc-16d"/>
      </symbol>
      <symbol id="sm-2d2">
         <name>__mspabi_fltlid</name>
         <value>0xf168</value>
         <object_component_ref idref="oc-1ce"/>
      </symbol>
      <symbol id="sm-2f3">
         <name>__TI_frcaddd</name>
         <value>0xe7fc</value>
         <object_component_ref idref="oc-2c3"/>
      </symbol>
      <symbol id="sm-30e">
         <name>__TI_frcdivd</name>
         <value>0xd672</value>
         <object_component_ref idref="oc-1e7"/>
      </symbol>
      <symbol id="sm-330">
         <name>__mspabi_mpyd</name>
         <value>0xe58e</value>
         <object_component_ref idref="oc-173"/>
      </symbol>
      <symbol id="sm-339">
         <name>__mspabi_negd</name>
         <value>0xf640</value>
         <object_component_ref idref="oc-213"/>
      </symbol>
      <symbol id="sm-34c">
         <name>__TI_renormd</name>
         <value>0xf0aa</value>
         <object_component_ref idref="oc-333"/>
      </symbol>
      <symbol id="sm-355">
         <name>__mspabi_subd</name>
         <value>0xf560</value>
         <object_component_ref idref="oc-1fb"/>
      </symbol>
      <symbol id="sm-368">
         <name>__mspabi_cvtdf</name>
         <value>0xf214</value>
         <object_component_ref idref="oc-185"/>
      </symbol>
      <symbol id="sm-372">
         <name>C$$EXIT</name>
         <value>0xf78c</value>
         <object_component_ref idref="oc-18f"/>
      </symbol>
      <symbol id="sm-373">
         <name>abort</name>
         <value>0xf78c</value>
         <object_component_ref idref="oc-18f"/>
      </symbol>
      <symbol id="sm-383">
         <name>memcpy</name>
         <value>0xf736</value>
         <object_component_ref idref="oc-cf"/>
      </symbol>
      <symbol id="sm-40f">
         <name>__kernel_rem_pio2</name>
         <value>0xc000</value>
         <object_component_ref idref="oc-20d"/>
      </symbol>
      <symbol id="sm-420">
         <name>__kernel_cos</name>
         <value>0xe31e</value>
         <object_component_ref idref="oc-21f"/>
      </symbol>
      <symbol id="sm-433">
         <name>__kernel_sin</name>
         <value>0xdde4</value>
         <object_component_ref idref="oc-1f5"/>
      </symbol>
      <symbol id="sm-453">
         <name>floorl</name>
         <value>0xec94</value>
         <object_component_ref idref="oc-2a8"/>
      </symbol>
      <symbol id="sm-454">
         <name>floor</name>
         <value>0xec94</value>
         <object_component_ref idref="oc-2a8"/>
      </symbol>
      <symbol id="sm-46c">
         <name>scalbn</name>
         <value>0xee64</value>
         <object_component_ref idref="oc-2a2"/>
      </symbol>
      <symbol id="sm-46d">
         <name>scalbnl</name>
         <value>0xee64</value>
         <object_component_ref idref="oc-2a2"/>
      </symbol>
      <symbol id="sm-46e">
         <name>ldexpl</name>
         <value>0xee64</value>
         <object_component_ref idref="oc-2a2"/>
      </symbol>
      <symbol id="sm-46f">
         <name>ldexp</name>
         <value>0xee64</value>
         <object_component_ref idref="oc-2a2"/>
      </symbol>
      <symbol id="sm-478">
         <name>copysign</name>
         <value>0xf58e</value>
         <object_component_ref idref="oc-31e"/>
      </symbol>
      <symbol id="sm-479">
         <name>copysignl</name>
         <value>0xf58e</value>
         <object_component_ref idref="oc-31e"/>
      </symbol>
      <symbol id="sm-489">
         <name>__mspabi_sral</name>
         <value>0xf748</value>
         <object_component_ref idref="oc-2ae"/>
      </symbol>
      <symbol id="sm-48a">
         <name>__mspabi_sral_15</name>
         <value>0xf4e4</value>
         <object_component_ref idref="oc-275"/>
      </symbol>
      <symbol id="sm-48b">
         <name>__mspabi_sral_14</name>
         <value>0xf4e8</value>
         <object_component_ref idref="oc-275"/>
      </symbol>
      <symbol id="sm-48c">
         <name>__mspabi_sral_13</name>
         <value>0xf4ec</value>
         <object_component_ref idref="oc-275"/>
      </symbol>
      <symbol id="sm-48d">
         <name>__mspabi_sral_12</name>
         <value>0xf4f0</value>
         <object_component_ref idref="oc-275"/>
      </symbol>
      <symbol id="sm-48e">
         <name>__mspabi_sral_11</name>
         <value>0xf4f4</value>
         <object_component_ref idref="oc-275"/>
      </symbol>
      <symbol id="sm-48f">
         <name>__mspabi_sral_10</name>
         <value>0xf4f8</value>
         <object_component_ref idref="oc-275"/>
      </symbol>
      <symbol id="sm-490">
         <name>__mspabi_sral_8</name>
         <value>0xf500</value>
         <object_component_ref idref="oc-275"/>
      </symbol>
      <symbol id="sm-491">
         <name>__mspabi_sral_9</name>
         <value>0xf4fc</value>
         <object_component_ref idref="oc-275"/>
      </symbol>
      <symbol id="sm-492">
         <name>__mspabi_sral_6</name>
         <value>0xf508</value>
         <object_component_ref idref="oc-275"/>
      </symbol>
      <symbol id="sm-493">
         <name>__mspabi_sral_7</name>
         <value>0xf504</value>
         <object_component_ref idref="oc-275"/>
      </symbol>
      <symbol id="sm-494">
         <name>__mspabi_sral_4</name>
         <value>0xf510</value>
         <object_component_ref idref="oc-275"/>
      </symbol>
      <symbol id="sm-495">
         <name>__mspabi_sral_5</name>
         <value>0xf50c</value>
         <object_component_ref idref="oc-275"/>
      </symbol>
      <symbol id="sm-496">
         <name>__mspabi_sral_2</name>
         <value>0xf518</value>
         <object_component_ref idref="oc-275"/>
      </symbol>
      <symbol id="sm-497">
         <name>__mspabi_sral_3</name>
         <value>0xf514</value>
         <object_component_ref idref="oc-275"/>
      </symbol>
      <symbol id="sm-498">
         <name>__mspabi_sral_1</name>
         <value>0xf51c</value>
         <object_component_ref idref="oc-275"/>
      </symbol>
      <symbol id="sm-4a4">
         <name>__mspabi_remi</name>
         <value>0xf5e8</value>
         <object_component_ref idref="oc-29a"/>
      </symbol>
      <symbol id="sm-4a5">
         <name>__mspabi_divi</name>
         <value>0xf5e8</value>
         <object_component_ref idref="oc-29a"/>
      </symbol>
      <symbol id="sm-4af">
         <name>__mspabi_remu</name>
         <value>0xf6d4</value>
         <object_component_ref idref="oc-313"/>
      </symbol>
      <symbol id="sm-4b0">
         <name>__mspabi_divu</name>
         <value>0xf6d4</value>
         <object_component_ref idref="oc-313"/>
      </symbol>
      <symbol id="sm-4c0">
         <name>__mspabi_slll_9</name>
         <value>0xf53a</value>
         <object_component_ref idref="oc-22c"/>
      </symbol>
      <symbol id="sm-4c1">
         <name>__mspabi_slll_8</name>
         <value>0xf53e</value>
         <object_component_ref idref="oc-22c"/>
      </symbol>
      <symbol id="sm-4c2">
         <name>__mspabi_slll_7</name>
         <value>0xf542</value>
         <object_component_ref idref="oc-22c"/>
      </symbol>
      <symbol id="sm-4c3">
         <name>__mspabi_slll_6</name>
         <value>0xf546</value>
         <object_component_ref idref="oc-22c"/>
      </symbol>
      <symbol id="sm-4c4">
         <name>__mspabi_slll_5</name>
         <value>0xf54a</value>
         <object_component_ref idref="oc-22c"/>
      </symbol>
      <symbol id="sm-4c5">
         <name>__mspabi_slll_4</name>
         <value>0xf54e</value>
         <object_component_ref idref="oc-22c"/>
      </symbol>
      <symbol id="sm-4c6">
         <name>__mspabi_slll_3</name>
         <value>0xf552</value>
         <object_component_ref idref="oc-22c"/>
      </symbol>
      <symbol id="sm-4c7">
         <name>__mspabi_slll_2</name>
         <value>0xf556</value>
         <object_component_ref idref="oc-22c"/>
      </symbol>
      <symbol id="sm-4c8">
         <name>__mspabi_slll_1</name>
         <value>0xf55a</value>
         <object_component_ref idref="oc-22c"/>
      </symbol>
      <symbol id="sm-4c9">
         <name>__mspabi_slll</name>
         <value>0xf758</value>
         <object_component_ref idref="oc-2b3"/>
      </symbol>
      <symbol id="sm-4ca">
         <name>__mspabi_slll_15</name>
         <value>0xf522</value>
         <object_component_ref idref="oc-22c"/>
      </symbol>
      <symbol id="sm-4cb">
         <name>__mspabi_slll_14</name>
         <value>0xf526</value>
         <object_component_ref idref="oc-22c"/>
      </symbol>
      <symbol id="sm-4cc">
         <name>__mspabi_slll_13</name>
         <value>0xf52a</value>
         <object_component_ref idref="oc-22c"/>
      </symbol>
      <symbol id="sm-4cd">
         <name>__mspabi_slll_12</name>
         <value>0xf52e</value>
         <object_component_ref idref="oc-22c"/>
      </symbol>
      <symbol id="sm-4ce">
         <name>__mspabi_slll_11</name>
         <value>0xf532</value>
         <object_component_ref idref="oc-22c"/>
      </symbol>
      <symbol id="sm-4cf">
         <name>__mspabi_slll_10</name>
         <value>0xf536</value>
         <object_component_ref idref="oc-22c"/>
      </symbol>
      <symbol id="sm-4df">
         <name>__mspabi_srll_8</name>
         <value>0xf424</value>
         <object_component_ref idref="oc-26d"/>
      </symbol>
      <symbol id="sm-4e0">
         <name>__mspabi_srll_9</name>
         <value>0xf41e</value>
         <object_component_ref idref="oc-26d"/>
      </symbol>
      <symbol id="sm-4e1">
         <name>__mspabi_srll_6</name>
         <value>0xf430</value>
         <object_component_ref idref="oc-26d"/>
      </symbol>
      <symbol id="sm-4e2">
         <name>__mspabi_srll_7</name>
         <value>0xf42a</value>
         <object_component_ref idref="oc-26d"/>
      </symbol>
      <symbol id="sm-4e3">
         <name>__mspabi_srll_4</name>
         <value>0xf43c</value>
         <object_component_ref idref="oc-26d"/>
      </symbol>
      <symbol id="sm-4e4">
         <name>__mspabi_srll_5</name>
         <value>0xf436</value>
         <object_component_ref idref="oc-26d"/>
      </symbol>
      <symbol id="sm-4e5">
         <name>__mspabi_srll_2</name>
         <value>0xf448</value>
         <object_component_ref idref="oc-26d"/>
      </symbol>
      <symbol id="sm-4e6">
         <name>__mspabi_srll_3</name>
         <value>0xf442</value>
         <object_component_ref idref="oc-26d"/>
      </symbol>
      <symbol id="sm-4e7">
         <name>__mspabi_srll_1</name>
         <value>0xf44e</value>
         <object_component_ref idref="oc-26d"/>
      </symbol>
      <symbol id="sm-4e8">
         <name>__mspabi_srll_15</name>
         <value>0xf3fa</value>
         <object_component_ref idref="oc-26d"/>
      </symbol>
      <symbol id="sm-4e9">
         <name>__mspabi_srll_14</name>
         <value>0xf400</value>
         <object_component_ref idref="oc-26d"/>
      </symbol>
      <symbol id="sm-4ea">
         <name>__mspabi_srll_13</name>
         <value>0xf406</value>
         <object_component_ref idref="oc-26d"/>
      </symbol>
      <symbol id="sm-4eb">
         <name>__mspabi_srll_12</name>
         <value>0xf40c</value>
         <object_component_ref idref="oc-26d"/>
      </symbol>
      <symbol id="sm-4ec">
         <name>__mspabi_srll_11</name>
         <value>0xf412</value>
         <object_component_ref idref="oc-26d"/>
      </symbol>
      <symbol id="sm-4ed">
         <name>__mspabi_srll_10</name>
         <value>0xf418</value>
         <object_component_ref idref="oc-26d"/>
      </symbol>
      <symbol id="sm-4ee">
         <name>__mspabi_srll</name>
         <value>0xf724</value>
         <object_component_ref idref="oc-290"/>
      </symbol>
      <symbol id="sm-4f8">
         <name>__mspabi_mpyi_sw</name>
         <value>0xf6fe</value>
         <object_component_ref idref="oc-283"/>
      </symbol>
      <symbol id="sm-4f9">
         <name>__mspabi_mpyi</name>
         <value>0xf6fe</value>
         <object_component_ref idref="oc-283"/>
      </symbol>
      <symbol id="sm-503">
         <name>__mspabi_mpyl_sw</name>
         <value>0xf692</value>
         <object_component_ref idref="oc-27a"/>
      </symbol>
      <symbol id="sm-504">
         <name>__mspabi_mpyl</name>
         <value>0xf692</value>
         <object_component_ref idref="oc-27a"/>
      </symbol>
      <symbol id="sm-515">
         <name>__TI_frcmpyd</name>
         <value>0xe098</value>
         <object_component_ref idref="oc-1da"/>
      </symbol>
      <symbol id="sm-51c">
         <name>errno</name>
         <value>0x250</value>
         <object_component_ref idref="oc-31b"/>
      </symbol>
   </symbol_table>
   <title>Link successful</title>
</link_info>
